   const vmt_BBS
      :BBS.Start
      :BBS.Sort
      :BBS.Print
      :BBS.Init

   func Main()
      t.0 = HeapAllocZ(12)
      [t.0] = :vmt_BBS
      if t.0 goto :null0
      Error("null pointer")
      null0:
      t.1 = [t.0]
      t.1 = [t.1+8]
      t.2 = call t.1(t.0 10)
      PrintIntS(t.2)
      ret

   func BBS.Start(this sz)
      t.3 = [this]
      t.3 = [t.3+20]
      t.4 = call t.3(this sz)
      aux01 = t.4
      t.5 = [this]
      t.5 = [t.5+16]
      t.6 = call t.5(this)
      aux01 = t.6
      PrintIntS(99999)
      t.7 = [this]
      t.7 = [t.7+12]
      t.8 = call t.7(this)
      aux01 = t.8
      t.9 = [this]
      t.9 = [t.9+16]
      t.10 = call t.9(this)
      aux01 = t.10
      ret 0

   func BBS.Sort(this)
      t.10 = size
      t.11 = Sub(t.10 1)
      i = t.11
      t.12 = Sub(0 1)
      aux02 = t.12
      t.12 = LtS(aux02 i)
      t.12 = Eq(t.12 1)
      if0 t.12 goto :if5_end
