--- Error (ProgramFault) ---
expecting argument 2 to be an integer, found undefined value
  Main() line 15
  BBS.Start(<Heap.0>+0 10) line 26
  BBS.Print(<Heap.0>+0) line 113
