--- Error (ProgramFault) ---
invalid arguments: (undefined value, integer1)
  Main() line 15
  LS.Start(<Heap.0>+0 10) line 22
  LS.Init(<Heap.0>+0 10) line 140
