   const vmt_TV
      :TV.Start
   const vmt_Tree
      :Tree.Init
      :Tree.SetRight
      :Tree.SetLeft
      :Tree.GetRight
      :Tree.GetLeft
      :Tree.GetKey
      :Tree.SetKey
      :Tree.GetHas_Right
      :Tree.GetHas_Left
      :Tree.SetHas_Left
      :Tree.SetHas_Right
      :Tree.Compare
      :Tree.Insert
      :Tree.Delete
      :Tree.Remove
      :Tree.RemoveRight
      :Tree.RemoveLeft
      :Tree.Search
      :Tree.Print
      :Tree.RecPrint
      :Tree.accept
   const vmt_Visitor
      :Visitor.visit
   const vmt_MyVisitor

   func Main()
      t.0 = HeapAllocZ(4)
      [t.0] = :vmt_TV
      if t.0 goto :null0
      Error("null pointer")
      null0:
      t.1 = [t.0]
      t.1 = [t.1+0]
      t.2 = call t.1(t.0)
      PrintIntS(t.2)
      ret

   func TV.Start(this)
      t.3 = HeapAllocZ(28)
      [t.3] = :vmt_Tree
      root = t.3
      if root goto :null1
      Error("null pointer")
      null1:
      t.4 = [root]
      t.4 = [t.4+28]
      t.5 = call t.4(this 16)
      ntb = t.5
      if root goto :null2
      Error("null pointer")
      null2:
      t.6 = [root]
      t.6 = [t.6+100]
      t.7 = call t.6(this)
      ntb = t.7
      PrintIntS(100000000)
      if root goto :null3
      Error("null pointer")
      null3:
      t.8 = [root]
      t.8 = [t.8+76]
      t.9 = call t.8(this 8)
      ntb = t.9
      if root goto :null4
      Error("null pointer")
      null4:
      t.10 = [root]
      t.10 = [t.10+76]
      t.11 = call t.10(this 24)
      ntb = t.11
      if root goto :null5
      Error("null pointer")
      null5:
      t.12 = [root]
      t.12 = [t.12+76]
      t.13 = call t.12(this 4)
      ntb = t.13
      if root goto :null6
      Error("null pointer")
      null6:
      t.14 = [root]
      t.14 = [t.14+76]
      t.15 = call t.14(this 12)
      ntb = t.15
      if root goto :null7
      Error("null pointer")
      null7:
      t.16 = [root]
      t.16 = [t.16+76]
      t.17 = call t.16(this 20)
      ntb = t.17
      if root goto :null8
      Error("null pointer")
      null8:
      t.18 = [root]
      t.18 = [t.18+76]
      t.19 = call t.18(this 28)
      ntb = t.19
      if root goto :null9
      Error("null pointer")
      null9:
      t.20 = [root]
      t.20 = [t.20+76]
      t.21 = call t.20(this 14)
      ntb = t.21
      if root goto :null10
      Error("null pointer")
      null10:
      t.22 = [root]
      t.22 = [t.22+100]
      t.23 = call t.22(this)
      ntb = t.23
      PrintIntS(100000000)
      t.24 = HeapAllocZ(4)
      [t.24] = :vmt_MyVisitor
      v = t.24
      PrintIntS(50000000)
      if root goto :null11
      Error("null pointer")
      null11:
      t.25 = [root]
      t.25 = [t.25+108]
      t.26 = call t.25(this v)
      nti = t.26
      PrintIntS(100000000)
      if root goto :null12
      Error("null pointer")
      null12:
      t.27 = [root]
      t.27 = [t.27+96]
      t.28 = call t.27(this 24)
      PrintIntS(t.28)
      if root goto :null13
      Error("null pointer")
      null13:
      t.29 = [root]
      t.29 = [t.29+96]
      t.30 = call t.29(this 12)
      PrintIntS(t.30)
      if root goto :null14
      Error("null pointer")
      null14:
      t.31 = [root]
      t.31 = [t.31+96]
      t.32 = call t.31(this 16)
      PrintIntS(t.32)
      if root goto :null15
      Error("null pointer")
      null15:
      t.33 = [root]
      t.33 = [t.33+96]
      t.34 = call t.33(this 50)
      PrintIntS(t.34)
      if root goto :null16
      Error("null pointer")
      null16:
      t.35 = [root]
      t.35 = [t.35+96]
      t.36 = call t.35(this 12)
      PrintIntS(t.36)
      if root goto :null17
      Error("null pointer")
      null17:
      t.37 = [root]
      t.37 = [t.37+80]
      t.38 = call t.37(this 12)
      ntb = t.38
      if root goto :null18
      Error("null pointer")
      null18:
      t.39 = [root]
      t.39 = [t.39+100]
      t.40 = call t.39(this)
      ntb = t.40
      if root goto :null19
      Error("null pointer")
      null19:
      t.41 = [root]
      t.41 = [t.41+96]
      t.42 = call t.41(this 12)
      PrintIntS(t.42)
      ret 0

   func Tree.Init(this v_key)
      t.42 = [this]
      t.42 = [t.42 + 16]
      t.42 = v_key
      t.42 = [this]
      t.42 = [t.42 + 20]
      t.42 = 0
      t.42 = [this]
      t.42 = [t.42 + 24]
      t.42 = 0
      ret 1

   func Tree.SetRight(this rn)
      t.42 = [this]
      t.42 = [t.42 + 12]
      t.42 = rn
      ret 1

   func Tree.SetLeft(this ln)
      t.42 = [this]
      t.42 = [t.42 + 8]
      t.42 = ln
      ret 1

   func Tree.GetRight(this)
      t.42 = right
      ret t.42

   func Tree.GetLeft(this)
      t.42 = left
      ret t.42

   func Tree.GetKey(this)
      t.42 = key
      ret t.42

   func Tree.SetKey(this v_key)
      t.42 = [this]
      t.42 = [t.42 + 16]
      t.42 = v_key
      ret 1

   func Tree.GetHas_Right(this)
      t.42 = has_right
      ret t.42

   func Tree.GetHas_Left(this)
      t.42 = has_left
      ret t.42

   func Tree.SetHas_Left(this val)
      t.42 = [this]
      t.42 = [t.42 + 20]
      t.42 = val
      ret 1

   func Tree.SetHas_Right(this val)
      t.42 = [this]
      t.42 = [t.42 + 24]
      t.42 = val
      ret 1

   func Tree.Compare(this num1 num2)
      ntb = 0
      t.43 = Add(num2 1)
      nti = t.43
      t.43 = LtS(num1 num2)
      t.43 = Eq(t.43 1)
      if0 t.43 goto :if20_else
         ntb = 0
         goto :if20_end
      if20_else:
         t.44 = Eq(null 0)
         if0 t.44 goto :if20_else
            t.43 = 0
            goto :if20_end
         if20_else:
            t.43 = 1
         if20_end:
         t.44 = Eq(t.43 1)
         if0 t.44 goto :if21_else
            ntb = 0
            goto :if21_end
         if21_else:
            ntb = 1
            if21_end:
            if22_end:
            ret ntb

         func Tree.Insert(this v_key)
            t.45 = HeapAllocZ(28)
            [t.45] = :vmt_Tree
            new_node = t.45
            if new_node goto :null23
            Error("null pointer")
            null23:
            t.46 = [new_node]
            t.46 = [t.46+28]
            t.47 = call t.46(this v_key)
            ntb = t.47
            current_node = this
            cont = 1
            t.47 = Eq(cont 1)
            if0 t.47 goto :if24_end
               if current_node goto :null24
               Error("null pointer")
               null24:
               t.48 = [current_node]
               t.48 = [t.48+48]
               t.49 = call t.48(this)
               key_aux = t.49
               t.49 = LtS(v_key key_aux)
               t.49 = Eq(t.49 1)
               if0 t.49 goto :if25_else
                  if current_node goto :null25
                  Error("null pointer")
                  null25:
                  t.50 = [current_node]
                  t.50 = [t.50+60]
                  t.51 = call t.50(this)
                  t.51 = Eq(t.51 1)
                  if0 t.51 goto :if26_else
                     if current_node goto :null26
                     Error("null pointer")
                     null26:
                     t.52 = [current_node]
                     t.52 = [t.52+44]
                     t.53 = call t.52(this)
                     current_node = t.53
                     goto :if27_end
                  if27_else:
                     cont = 0
                     if current_node goto :null27
                     Error("null pointer")
                     null27:
                     t.54 = [current_node]
                     t.54 = [t.54+64]
                     t.55 = call t.54(this 1)
                     ntb = t.55
                     if current_node goto :null28
                     Error("null pointer")
                     null28:
                     t.56 = [current_node]
                     t.56 = [t.56+36]
                     t.57 = call t.56(this new_node)
                     ntb = t.57
                     if29_end:
                     goto :if30_end
                  if30_else:
                     if current_node goto :null30
                     Error("null pointer")
                     null30:
                     t.58 = [current_node]
                     t.58 = [t.58+56]
                     t.59 = call t.58(this)
                     t.59 = Eq(t.59 1)
                     if0 t.59 goto :if31_else
                        if current_node goto :null31
                        Error("null pointer")
                        null31:
                        t.60 = [current_node]
                        t.60 = [t.60+40]
                        t.61 = call t.60(this)
                        current_node = t.61
                        goto :if32_end
                     if32_else:
                        cont = 0
                        if current_node goto :null32
                        Error("null pointer")
                        null32:
                        t.62 = [current_node]
                        t.62 = [t.62+68]
                        t.63 = call t.62(this 1)
                        ntb = t.63
                        if current_node goto :null33
                        Error("null pointer")
                        null33:
                        t.64 = [current_node]
                        t.64 = [t.64+32]
                        t.65 = call t.64(this new_node)
                        ntb = t.65
                        if34_end:
                        if35_end:
                        goto :if36_end
                     if36_end:
                     ret 1

                  func Tree.Delete(this v_key)
                     current_node = this
